// Jest Snapshot v1, https://goo.gl/fbAQLP

exports[`MovieTitleInfo should renders correctly 1`] = `
<DocumentFragment>
  <div
    class="otherInfoWrapper"
  >
    <p
      class="heading"
    >
      Overview:
    </p>
    <p
      class="infoField"
    >
      Framed in the 1940s for the double murder of his wife and her lover, upstanding banker Andy Dufresne begins a new life at the Shawshank prison
    </p>
  </div>
</DocumentFragment>
`;
