// Jest Snapshot v1, https://goo.gl/fbAQLP

exports[`TopBilledCast TopBilledCast snapshot 1`] = `
<DocumentFragment>
  <a
    class="actorWrapper"
    href="/actor-profile/?actor-id=192"
    id="192"
  >
    <img
      alt="Morgan Freeman"
      class="actorImg"
      height="160px"
      src="https://image.tmdb.org/t/p/w500//oIciQWr8VwKoR8TmAw1owaiZFyb.jpg"
    />
    <p
      class="actorName"
    >
      <strong>
        Morgan Freeman
      </strong>
    </p>
    <p
      class="actorCharacter"
    >
      Ellis Boyd 'Red' Redding
    </p>
  </a>
</DocumentFragment>
`;
