// Jest Snapshot v1, https://goo.gl/fbAQLP

exports[`ImagesBlock ImagesBlock snapshot 1`] = `
Object {
  "asFragment": [Function],
  "baseElement": <body>
    <div>
      <div
        class="imagesBlockWrapper"
      >
        <div
          class="imagesTitleWrapper"
        >
          <h3
            class="imagesTitle"
          >
            images
          </h3>
        </div>
        <div
          class="imagesWrapper"
        >
          <img
            alt="images"
            class="image"
            src="https://image.tmdb.org/t/p/w500//irlfhYtHfhZuYpsq2LAoh308NFe.jpg"
            width="172px"
          />
          <img
            alt="images"
            class="image"
            src="https://image.tmdb.org/t/p/w500//iNh3BivHyg5sQRPP1KOkzguEX0H.jpg"
            width="172px"
          />
        </div>
      </div>
    </div>
  </body>,
  "container": <div>
    <div
      class="imagesBlockWrapper"
    >
      <div
        class="imagesTitleWrapper"
      >
        <h3
          class="imagesTitle"
        >
          images
        </h3>
      </div>
      <div
        class="imagesWrapper"
      >
        <img
          alt="images"
          class="image"
          src="https://image.tmdb.org/t/p/w500//irlfhYtHfhZuYpsq2LAoh308NFe.jpg"
          width="172px"
        />
        <img
          alt="images"
          class="image"
          src="https://image.tmdb.org/t/p/w500//iNh3BivHyg5sQRPP1KOkzguEX0H.jpg"
          width="172px"
        />
      </div>
    </div>
  </div>,
  "debug": [Function],
  "findAllByAltText": [Function],
  "findAllByDisplayValue": [Function],
  "findAllByLabelText": [Function],
  "findAllByPlaceholderText": [Function],
  "findAllByRole": [Function],
  "findAllByTestId": [Function],
  "findAllByText": [Function],
  "findAllByTitle": [Function],
  "findByAltText": [Function],
  "findByDisplayValue": [Function],
  "findByLabelText": [Function],
  "findByPlaceholderText": [Function],
  "findByRole": [Function],
  "findByTestId": [Function],
  "findByText": [Function],
  "findByTitle": [Function],
  "getAllByAltText": [Function],
  "getAllByDisplayValue": [Function],
  "getAllByLabelText": [Function],
  "getAllByPlaceholderText": [Function],
  "getAllByRole": [Function],
  "getAllByTestId": [Function],
  "getAllByText": [Function],
  "getAllByTitle": [Function],
  "getByAltText": [Function],
  "getByDisplayValue": [Function],
  "getByLabelText": [Function],
  "getByPlaceholderText": [Function],
  "getByRole": [Function],
  "getByTestId": [Function],
  "getByText": [Function],
  "getByTitle": [Function],
  "queryAllByAltText": [Function],
  "queryAllByDisplayValue": [Function],
  "queryAllByLabelText": [Function],
  "queryAllByPlaceholderText": [Function],
  "queryAllByRole": [Function],
  "queryAllByTestId": [Function],
  "queryAllByText": [Function],
  "queryAllByTitle": [Function],
  "queryByAltText": [Function],
  "queryByDisplayValue": [Function],
  "queryByLabelText": [Function],
  "queryByPlaceholderText": [Function],
  "queryByRole": [Function],
  "queryByTestId": [Function],
  "queryByText": [Function],
  "queryByTitle": [Function],
  "rerender": [Function],
  "unmount": [Function],
}
`;
