// Jest Snapshot v1, https://goo.gl/fbAQLP

exports[`ActorPhotos should renders correctly 1`] = `
<DocumentFragment>
  <div
    class="photosWrapper"
  >
    <h3
      class="photosTitle"
    >
      Photos
    </h3>
    <div
      class="photosGrid"
    >
      <img
        alt="altName"
        class="photo"
        src="https://image.tmdb.org/t/p/w500//oIciQWr8VwKoR8TmAw1owaiZFyb.jpg"
        width="120px"
      />
      <img
        alt="altName"
        class="photo"
        src="https://image.tmdb.org/t/p/w500//1ahENoyEgKSbRUd0IsydIff7rt1.jpg"
        width="120px"
      />
      <img
        alt="altName"
        class="photo"
        src="https://image.tmdb.org/t/p/w500//20DXKyUQoL38SYoSW3JkHkZkkVP.jpg"
        width="120px"
      />
      <img
        alt="altName"
        class="photo"
        src="https://image.tmdb.org/t/p/w500//g2n87hnxD0w2suSBMv0BMoB4gef.jpg"
        width="120px"
      />
    </div>
  </div>
</DocumentFragment>
`;
