// Jest Snapshot v1, https://goo.gl/fbAQLP

exports[`CategoriesTabs CategoriesTabs snapshot 1`] = `
<DocumentFragment>
  <div
    class="categoriesWrapper"
  >
    <div
      class="categoryBtn active"
      id="popular"
    >
      Popular
    </div>
    <div
      class="categoryBtn"
      id="top_rated"
    >
      Top rated
    </div>
    <div
      class="categoryBtn"
      id="upcoming"
    >
      Upcoming
    </div>
  </div>
</DocumentFragment>
`;
