// Jest Snapshot v1, https://goo.gl/fbAQLP

exports[`Header Snapshot 1`] = `
<DocumentFragment>
  <header
    class="header"
  >
    <h1>
      <a
        href="/?category=popular&page=1"
      >
        TITLE
      </a>
    </h1>
    <div
      class="formWrapper"
    >
      <form
        class="form"
        id="form"
      >
        <input
          autocomplete="off"
          class="input"
          id="input_search"
          placeholder="Movies, person, movie theaters"
          type="search"
          value=""
        />
        <div
          class="search"
          id="search"
        >
          <a
            href="/?search=&page=1"
          >
            <img
              alt=""
              id="search"
              src="search.png"
              width="16px"
            />
          </a>
        </div>
      </form>
    </div>
    <div
      class="dropdownWrapper"
    >
      <button
        class="dropdownBtn"
      >
        EN
      </button>
    </div>
  </header>
</DocumentFragment>
`;
